
> manga-readme-generator@0.1.0 build
> next build

  Γû▓ Next.js 14.2.35

   Creating an optimized production build ...
 Γ£ô Compiled successfully
   Linting and checking validity of types ...
   Collecting page data ...
   Generating static pages (0/4) ...
   Generating static pages (1/4) 
   Generating static pages (2/4) 
   Generating static pages (3/4) 
 Γ£ô Generating static pages (4/4)
   Finalizing page optimization ...
   Collecting build traces ...

Route (app)                              Size     First Load JS
Γöî Γùï /                                    27.9 kB         115 kB
Γöö Γùï /_not-found                          873 B          88.1 kB
+ First Load JS shared by all            87.2 kB
  Γö£ chunks/117-3872fdc85f836239.js       31.7 kB
  Γö£ chunks/fd9d1056-88c8a1669018f964.js  53.6 kB
  Γöö other shared chunks (total)          1.86 kB


Γùï  (Static)  prerendered as static content

